Flow report for system
Sun Mar 26 14:41:48 2023
Quartus II 64-Bit Version 13.0.1 Build 232 06/12/2013 Service Pack 1 SJ Web Edition


---------------------
; Table of Contents ;
---------------------
  1. Legal Notice
  2. Flow Summary
  3. Flow Settings
  4. Flow Non-Default Global Settings
  5. Flow Elapsed Time
  6. Flow OS Summary
  7. Flow Log
  8. Flow Messages
  9. Flow Suppressed Messages



----------------
; Legal Notice ;
----------------
Copyright (C) 1991-2013 Altera Corporation
Your use of Altera Corporation's design tools, logic functions 
and other software and tools, and its AMPP partner logic 
functions, and any output files from any of the foregoing 
(including device programming or simulation files), and any 
associated documentation or information are expressly subject 
to the terms and conditions of the Altera Program License 
Subscription Agreement, Altera MegaCore Function License 
Agreement, or other applicable license agreement, including, 
without limitation, that your use is for the sole purpose of 
programming logic devices manufactured by Altera and sold by 
Altera or its authorized distributors.  Please refer to the 
applicable agreement for further details.



+--------------------------------------------------------------------------------------+
; Flow Summary                                                                         ;
+------------------------------------+-------------------------------------------------+
; Flow Status                        ; Successful - Sun Mar 26 14:41:47 2023           ;
; Quartus II 64-Bit Version          ; 13.0.1 Build 232 06/12/2013 SP 1 SJ Web Edition ;
; Revision Name                      ; system                                          ;
; Top-level Entity Name              ; datapath                                        ;
; Family                             ; Cyclone III                                     ;
; Device                             ; EP3C16F484C6                                    ;
; Timing Models                      ; Final                                           ;
; Total logic elements               ; 1,393                                           ;
;     Total combinational functions  ; 776                                             ;
;     Dedicated logic registers      ; 713                                             ;
; Total registers                    ; 713                                             ;
; Total pins                         ; 1,032                                           ;
; Total virtual pins                 ; 0                                               ;
; Total memory bits                  ; 16,384                                          ;
; Embedded Multiplier 9-bit elements ; 0                                               ;
; Total PLLs                         ; 0                                               ;
+------------------------------------+-------------------------------------------------+


+-----------------------------------------+
; Flow Settings                           ;
+-------------------+---------------------+
; Option            ; Setting             ;
+-------------------+---------------------+
; Start date & time ; 03/26/2023 14:41:42 ;
; Main task         ; Compilation         ;
; Revision Name     ; system              ;
+-------------------+---------------------+


+----------------------------------------------------------------------------------------------------------------------------------+
; Flow Non-Default Global Settings                                                                                                 ;
+--------------------------------------+---------------------------------------+---------------+-------------+---------------------+
; Assignment Name                      ; Value                                 ; Default Value ; Entity Name ; Section Id          ;
+--------------------------------------+---------------------------------------+---------------+-------------+---------------------+
; COMPILER_SIGNATURE_ID                ; 269049658834448.167985610124716       ; --            ; --          ; --                  ;
; EDA_DESIGN_INSTANCE_NAME             ; NA                                    ; --            ; --          ; Registertb          ;
; EDA_DESIGN_INSTANCE_NAME             ; NA                                    ; --            ; --          ; busEncodertb        ;
; EDA_DESIGN_INSTANCE_NAME             ; NA                                    ; --            ; --          ; busMUXtb            ;
; EDA_DESIGN_INSTANCE_NAME             ; NA                                    ; --            ; --          ; bidirectionalBustb  ;
; EDA_DESIGN_INSTANCE_NAME             ; NA                                    ; --            ; --          ; multipliertb        ;
; EDA_DESIGN_INSTANCE_NAME             ; NA                                    ; --            ; --          ; divisiontb          ;
; EDA_DESIGN_INSTANCE_NAME             ; NA                                    ; --            ; --          ; addertb             ;
; EDA_DESIGN_INSTANCE_NAME             ; NA                                    ; --            ; --          ; datapath_tb         ;
; EDA_DESIGN_INSTANCE_NAME             ; NA                                    ; --            ; --          ; MDRtb               ;
; EDA_DESIGN_INSTANCE_NAME             ; NA                                    ; --            ; --          ; ALUtb               ;
; EDA_DESIGN_INSTANCE_NAME             ; NA                                    ; --            ; --          ; datapath_tb2        ;
; EDA_DESIGN_INSTANCE_NAME             ; NA                                    ; --            ; --          ; datapath_tb3        ;
; EDA_DESIGN_INSTANCE_NAME             ; NA                                    ; --            ; --          ; datapath_tb4        ;
; EDA_DESIGN_INSTANCE_NAME             ; NA                                    ; --            ; --          ; datapath_tb5        ;
; EDA_DESIGN_INSTANCE_NAME             ; NA                                    ; --            ; --          ; datapath_tb6        ;
; EDA_DESIGN_INSTANCE_NAME             ; NA                                    ; --            ; --          ; datapath_tb7        ;
; EDA_DESIGN_INSTANCE_NAME             ; NA                                    ; --            ; --          ; datapath_tb8        ;
; EDA_DESIGN_INSTANCE_NAME             ; NA                                    ; --            ; --          ; datapath_tb9        ;
; EDA_DESIGN_INSTANCE_NAME             ; NA                                    ; --            ; --          ; datapath_tb10       ;
; EDA_DESIGN_INSTANCE_NAME             ; NA                                    ; --            ; --          ; datapath_tb11       ;
; EDA_DESIGN_INSTANCE_NAME             ; NA                                    ; --            ; --          ; datapath_tb12       ;
; EDA_DESIGN_INSTANCE_NAME             ; NA                                    ; --            ; --          ; datapath_tb13       ;
; EDA_DESIGN_INSTANCE_NAME             ; NA                                    ; --            ; --          ; loadInstructionstb  ;
; EDA_DESIGN_INSTANCE_NAME             ; NA                                    ; --            ; --          ; ramtb               ;
; EDA_DESIGN_INSTANCE_NAME             ; NA                                    ; --            ; --          ; select_encodetb     ;
; EDA_DESIGN_INSTANCE_NAME             ; NA                                    ; --            ; --          ; loadInstruction2tb  ;
; EDA_DESIGN_INSTANCE_NAME             ; NA                                    ; --            ; --          ; storeInstructionstb ;
; EDA_DESIGN_INSTANCE_NAME             ; NA                                    ; --            ; --          ; immediateAddtb      ;
; EDA_DESIGN_INSTANCE_NAME             ; NA                                    ; --            ; --          ; immediateAndtb      ;
; EDA_DESIGN_INSTANCE_NAME             ; NA                                    ; --            ; --          ; immediateOrtb       ;
; EDA_DESIGN_INSTANCE_NAME             ; NA                                    ; --            ; --          ; branchzrtb          ;
; EDA_DESIGN_INSTANCE_NAME             ; NA                                    ; --            ; --          ; branchnztb          ;
; EDA_DESIGN_INSTANCE_NAME             ; NA                                    ; --            ; --          ; branchpltb          ;
; EDA_DESIGN_INSTANCE_NAME             ; NA                                    ; --            ; --          ; branchmitb          ;
; EDA_DESIGN_INSTANCE_NAME             ; NA                                    ; --            ; --          ; jrtb                ;
; EDA_DESIGN_INSTANCE_NAME             ; NA                                    ; --            ; --          ; jaltb               ;
; EDA_DESIGN_INSTANCE_NAME             ; NA                                    ; --            ; --          ; mfhitb              ;
; EDA_DESIGN_INSTANCE_NAME             ; NA                                    ; --            ; --          ; mflotb              ;
; EDA_DESIGN_INSTANCE_NAME             ; NA                                    ; --            ; --          ; outporttb           ;
; EDA_DESIGN_INSTANCE_NAME             ; NA                                    ; --            ; --          ; inporttb            ;
; EDA_DESIGN_INSTANCE_NAME             ; NA                                    ; --            ; --          ; control_unittb      ;
; EDA_NATIVELINK_SIMULATION_TEST_BENCH ; control_unittb                        ; --            ; --          ; eda_simulation      ;
; EDA_OUTPUT_DATA_FORMAT               ; Verilog Hdl                           ; --            ; --          ; eda_simulation      ;
; EDA_SIMULATION_TOOL                  ; ModelSim-Altera (Verilog)             ; <None>        ; --          ; --                  ;
; EDA_TEST_BENCH_ENABLE_STATUS         ; TEST_BENCH_MODE                       ; --            ; --          ; eda_simulation      ;
; EDA_TEST_BENCH_FILE                  ; Registertb.v                          ; --            ; --          ; Registertb          ;
; EDA_TEST_BENCH_FILE                  ; busEncodertb.v                        ; --            ; --          ; busEncodertb        ;
; EDA_TEST_BENCH_FILE                  ; busMUXtb.v                            ; --            ; --          ; busMUXtb            ;
; EDA_TEST_BENCH_FILE                  ; bidirectionalBustb.v                  ; --            ; --          ; bidirectionalBustb  ;
; EDA_TEST_BENCH_FILE                  ; multipliertb.v                        ; --            ; --          ; multipliertb        ;
; EDA_TEST_BENCH_FILE                  ; divisiontb.v                          ; --            ; --          ; divisiontb          ;
; EDA_TEST_BENCH_FILE                  ; addertb.v                             ; --            ; --          ; addertb             ;
; EDA_TEST_BENCH_FILE                  ; datapath_tb.v                         ; --            ; --          ; datapath_tb         ;
; EDA_TEST_BENCH_FILE                  ; MDRtb.v                               ; --            ; --          ; MDRtb               ;
; EDA_TEST_BENCH_FILE                  ; ALUtb.v                               ; --            ; --          ; ALUtb               ;
; EDA_TEST_BENCH_FILE                  ; datapath_tb2.v                        ; --            ; --          ; datapath_tb2        ;
; EDA_TEST_BENCH_FILE                  ; datapath_tb3.v                        ; --            ; --          ; datapath_tb3        ;
; EDA_TEST_BENCH_FILE                  ; datapath_tb4.v                        ; --            ; --          ; datapath_tb4        ;
; EDA_TEST_BENCH_FILE                  ; datapath_tb5.v                        ; --            ; --          ; datapath_tb5        ;
; EDA_TEST_BENCH_FILE                  ; datapath_tb6.v                        ; --            ; --          ; datapath_tb6        ;
; EDA_TEST_BENCH_FILE                  ; datapath_tb7.v                        ; --            ; --          ; datapath_tb7        ;
; EDA_TEST_BENCH_FILE                  ; datapath_tb8.v                        ; --            ; --          ; datapath_tb8        ;
; EDA_TEST_BENCH_FILE                  ; datapath_tb9.v                        ; --            ; --          ; datapath_tb9        ;
; EDA_TEST_BENCH_FILE                  ; datapath_tb10.v                       ; --            ; --          ; datapath_tb10       ;
; EDA_TEST_BENCH_FILE                  ; datapath_tb11.v                       ; --            ; --          ; datapath_tb11       ;
; EDA_TEST_BENCH_FILE                  ; datapath_tb12.v                       ; --            ; --          ; datapath_tb12       ;
; EDA_TEST_BENCH_FILE                  ; datapath_tb13.v                       ; --            ; --          ; datapath_tb13       ;
; EDA_TEST_BENCH_FILE                  ; loadInstructionstb.v                  ; --            ; --          ; loadInstructionstb  ;
; EDA_TEST_BENCH_FILE                  ; ramtb.v                               ; --            ; --          ; ramtb               ;
; EDA_TEST_BENCH_FILE                  ; select_encodetb.v                     ; --            ; --          ; select_encodetb     ;
; EDA_TEST_BENCH_FILE                  ; loadInstruction2tb.v                  ; --            ; --          ; loadInstruction2tb  ;
; EDA_TEST_BENCH_FILE                  ; storeInstructionstb.v                 ; --            ; --          ; storeInstructionstb ;
; EDA_TEST_BENCH_FILE                  ; immediateAddtb.v                      ; --            ; --          ; immediateAddtb      ;
; EDA_TEST_BENCH_FILE                  ; immediateAndtb.v                      ; --            ; --          ; immediateAndtb      ;
; EDA_TEST_BENCH_FILE                  ; immediateOrtb.v                       ; --            ; --          ; immediateOrtb       ;
; EDA_TEST_BENCH_FILE                  ; branchzrtb.v                          ; --            ; --          ; branchzrtb          ;
; EDA_TEST_BENCH_FILE                  ; branchnztb.v                          ; --            ; --          ; branchnztb          ;
; EDA_TEST_BENCH_FILE                  ; branchpltb.v                          ; --            ; --          ; branchpltb          ;
; EDA_TEST_BENCH_FILE                  ; branchmitb.v                          ; --            ; --          ; branchmitb          ;
; EDA_TEST_BENCH_FILE                  ; jrtb.v                                ; --            ; --          ; jrtb                ;
; EDA_TEST_BENCH_FILE                  ; jaltb.v                               ; --            ; --          ; jaltb               ;
; EDA_TEST_BENCH_FILE                  ; mfhitb.v                              ; --            ; --          ; mfhitb              ;
; EDA_TEST_BENCH_FILE                  ; mflotb.v                              ; --            ; --          ; mflotb              ;
; EDA_TEST_BENCH_FILE                  ; outporttb.v                           ; --            ; --          ; outporttb           ;
; EDA_TEST_BENCH_FILE                  ; inporttb.v                            ; --            ; --          ; inporttb            ;
; EDA_TEST_BENCH_FILE                  ; control_unittb.v                      ; --            ; --          ; control_unittb      ;
; EDA_TEST_BENCH_MODULE_NAME           ; Registertb                            ; --            ; --          ; Registertb          ;
; EDA_TEST_BENCH_MODULE_NAME           ; busEncodertb                          ; --            ; --          ; busEncodertb        ;
; EDA_TEST_BENCH_MODULE_NAME           ; busMUXtb                              ; --            ; --          ; busMUXtb            ;
; EDA_TEST_BENCH_MODULE_NAME           ; bidirectionalBustb                    ; --            ; --          ; bidirectionalBustb  ;
; EDA_TEST_BENCH_MODULE_NAME           ; multipliertb                          ; --            ; --          ; multipliertb        ;
; EDA_TEST_BENCH_MODULE_NAME           ; divisiontb                            ; --            ; --          ; divisiontb          ;
; EDA_TEST_BENCH_MODULE_NAME           ; addertb                               ; --            ; --          ; addertb             ;
; EDA_TEST_BENCH_MODULE_NAME           ; datapath_tb                           ; --            ; --          ; datapath_tb         ;
; EDA_TEST_BENCH_MODULE_NAME           ; MDRtb                                 ; --            ; --          ; MDRtb               ;
; EDA_TEST_BENCH_MODULE_NAME           ; ALUtb                                 ; --            ; --          ; ALUtb               ;
; EDA_TEST_BENCH_MODULE_NAME           ; datapath_tb2                          ; --            ; --          ; datapath_tb2        ;
; EDA_TEST_BENCH_MODULE_NAME           ; datapath_tb3                          ; --            ; --          ; datapath_tb3        ;
; EDA_TEST_BENCH_MODULE_NAME           ; datapath_tb4                          ; --            ; --          ; datapath_tb4        ;
; EDA_TEST_BENCH_MODULE_NAME           ; datapath_tb5                          ; --            ; --          ; datapath_tb5        ;
; EDA_TEST_BENCH_MODULE_NAME           ; datapath_tb6                          ; --            ; --          ; datapath_tb6        ;
; EDA_TEST_BENCH_MODULE_NAME           ; datapath_tb7                          ; --            ; --          ; datapath_tb7        ;
; EDA_TEST_BENCH_MODULE_NAME           ; datapath_tb8                          ; --            ; --          ; datapath_tb8        ;
; EDA_TEST_BENCH_MODULE_NAME           ; datapath_tb9                          ; --            ; --          ; datapath_tb9        ;
; EDA_TEST_BENCH_MODULE_NAME           ; datapath_tb10                         ; --            ; --          ; datapath_tb10       ;
; EDA_TEST_BENCH_MODULE_NAME           ; datapath_tb11                         ; --            ; --          ; datapath_tb11       ;
; EDA_TEST_BENCH_MODULE_NAME           ; datapath_tb12                         ; --            ; --          ; datapath_tb12       ;
; EDA_TEST_BENCH_MODULE_NAME           ; datapath_tb13                         ; --            ; --          ; datapath_tb13       ;
; EDA_TEST_BENCH_MODULE_NAME           ; loadInstructionstb                    ; --            ; --          ; loadInstructionstb  ;
; EDA_TEST_BENCH_MODULE_NAME           ; ramtb                                 ; --            ; --          ; ramtb               ;
; EDA_TEST_BENCH_MODULE_NAME           ; select_encodetb                       ; --            ; --          ; select_encodetb     ;
; EDA_TEST_BENCH_MODULE_NAME           ; loadInstruction2tb                    ; --            ; --          ; loadInstruction2tb  ;
; EDA_TEST_BENCH_MODULE_NAME           ; storeInstructionstb                   ; --            ; --          ; storeInstructionstb ;
; EDA_TEST_BENCH_MODULE_NAME           ; immediateAddtb                        ; --            ; --          ; immediateAddtb      ;
; EDA_TEST_BENCH_MODULE_NAME           ; immediateAndtb                        ; --            ; --          ; immediateAndtb      ;
; EDA_TEST_BENCH_MODULE_NAME           ; immediateOrtb                         ; --            ; --          ; immediateOrtb       ;
; EDA_TEST_BENCH_MODULE_NAME           ; branchzrtb                            ; --            ; --          ; branchzrtb          ;
; EDA_TEST_BENCH_MODULE_NAME           ; branchnztb                            ; --            ; --          ; branchnztb          ;
; EDA_TEST_BENCH_MODULE_NAME           ; branchpltb                            ; --            ; --          ; branchpltb          ;
; EDA_TEST_BENCH_MODULE_NAME           ; branchmitb                            ; --            ; --          ; branchmitb          ;
; EDA_TEST_BENCH_MODULE_NAME           ; jrtb                                  ; --            ; --          ; jrtb                ;
; EDA_TEST_BENCH_MODULE_NAME           ; jaltb                                 ; --            ; --          ; jaltb               ;
; EDA_TEST_BENCH_MODULE_NAME           ; mfhitb                                ; --            ; --          ; mfhitb              ;
; EDA_TEST_BENCH_MODULE_NAME           ; mflotb                                ; --            ; --          ; mflotb              ;
; EDA_TEST_BENCH_MODULE_NAME           ; outporttb                             ; --            ; --          ; outporttb           ;
; EDA_TEST_BENCH_MODULE_NAME           ; inporttb                              ; --            ; --          ; inporttb            ;
; EDA_TEST_BENCH_MODULE_NAME           ; control_unittb                        ; --            ; --          ; control_unittb      ;
; EDA_TEST_BENCH_NAME                  ; Registertb                            ; --            ; --          ; eda_simulation      ;
; EDA_TEST_BENCH_NAME                  ; busEncodertb                          ; --            ; --          ; eda_simulation      ;
; EDA_TEST_BENCH_NAME                  ; busMUXtb                              ; --            ; --          ; eda_simulation      ;
; EDA_TEST_BENCH_NAME                  ; bidirectionalBustb                    ; --            ; --          ; eda_simulation      ;
; EDA_TEST_BENCH_NAME                  ; multipliertb                          ; --            ; --          ; eda_simulation      ;
; EDA_TEST_BENCH_NAME                  ; divisiontb                            ; --            ; --          ; eda_simulation      ;
; EDA_TEST_BENCH_NAME                  ; addertb                               ; --            ; --          ; eda_simulation      ;
; EDA_TEST_BENCH_NAME                  ; datapath_tb                           ; --            ; --          ; eda_simulation      ;
; EDA_TEST_BENCH_NAME                  ; MDRtb                                 ; --            ; --          ; eda_simulation      ;
; EDA_TEST_BENCH_NAME                  ; ALUtb                                 ; --            ; --          ; eda_simulation      ;
; EDA_TEST_BENCH_NAME                  ; datapath_tb2                          ; --            ; --          ; eda_simulation      ;
; EDA_TEST_BENCH_NAME                  ; datapath_tb3                          ; --            ; --          ; eda_simulation      ;
; EDA_TEST_BENCH_NAME                  ; datapath_tb4                          ; --            ; --          ; eda_simulation      ;
; EDA_TEST_BENCH_NAME                  ; datapath_tb5                          ; --            ; --          ; eda_simulation      ;
; EDA_TEST_BENCH_NAME                  ; datapath_tb6                          ; --            ; --          ; eda_simulation      ;
; EDA_TEST_BENCH_NAME                  ; datapath_tb7                          ; --            ; --          ; eda_simulation      ;
; EDA_TEST_BENCH_NAME                  ; datapath_tb8                          ; --            ; --          ; eda_simulation      ;
; EDA_TEST_BENCH_NAME                  ; datapath_tb9                          ; --            ; --          ; eda_simulation      ;
; EDA_TEST_BENCH_NAME                  ; datapath_tb10                         ; --            ; --          ; eda_simulation      ;
; EDA_TEST_BENCH_NAME                  ; datapath_tb11                         ; --            ; --          ; eda_simulation      ;
; EDA_TEST_BENCH_NAME                  ; datapath_tb12                         ; --            ; --          ; eda_simulation      ;
; EDA_TEST_BENCH_NAME                  ; datapath_tb13                         ; --            ; --          ; eda_simulation      ;
; EDA_TEST_BENCH_NAME                  ; loadInstructionstb                    ; --            ; --          ; eda_simulation      ;
; EDA_TEST_BENCH_NAME                  ; ramtb                                 ; --            ; --          ; eda_simulation      ;
; EDA_TEST_BENCH_NAME                  ; select_encodetb                       ; --            ; --          ; eda_simulation      ;
; EDA_TEST_BENCH_NAME                  ; loadInstruction2tb                    ; --            ; --          ; eda_simulation      ;
; EDA_TEST_BENCH_NAME                  ; storeInstructionstb                   ; --            ; --          ; eda_simulation      ;
; EDA_TEST_BENCH_NAME                  ; immediateAddtb                        ; --            ; --          ; eda_simulation      ;
; EDA_TEST_BENCH_NAME                  ; immediateAndtb                        ; --            ; --          ; eda_simulation      ;
; EDA_TEST_BENCH_NAME                  ; immediateOrtb                         ; --            ; --          ; eda_simulation      ;
; EDA_TEST_BENCH_NAME                  ; branchzrtb                            ; --            ; --          ; eda_simulation      ;
; EDA_TEST_BENCH_NAME                  ; branchnztb                            ; --            ; --          ; eda_simulation      ;
; EDA_TEST_BENCH_NAME                  ; branchpltb                            ; --            ; --          ; eda_simulation      ;
; EDA_TEST_BENCH_NAME                  ; branchmitb                            ; --            ; --          ; eda_simulation      ;
; EDA_TEST_BENCH_NAME                  ; jrtb                                  ; --            ; --          ; eda_simulation      ;
; EDA_TEST_BENCH_NAME                  ; jaltb                                 ; --            ; --          ; eda_simulation      ;
; EDA_TEST_BENCH_NAME                  ; mfhitb                                ; --            ; --          ; eda_simulation      ;
; EDA_TEST_BENCH_NAME                  ; mflotb                                ; --            ; --          ; eda_simulation      ;
; EDA_TEST_BENCH_NAME                  ; outporttb                             ; --            ; --          ; eda_simulation      ;
; EDA_TEST_BENCH_NAME                  ; inporttb                              ; --            ; --          ; eda_simulation      ;
; EDA_TEST_BENCH_NAME                  ; control_unittb                        ; --            ; --          ; eda_simulation      ;
; EDA_TEST_BENCH_RUN_SIM_FOR           ; 500 ns                                ; --            ; --          ; Registertb          ;
; EDA_TEST_BENCH_RUN_SIM_FOR           ; 10000 ns                              ; --            ; --          ; busEncodertb        ;
; EDA_TEST_BENCH_RUN_SIM_FOR           ; 500 ns                                ; --            ; --          ; busMUXtb            ;
; EDA_TEST_BENCH_RUN_SIM_FOR           ; 1000 ns                               ; --            ; --          ; bidirectionalBustb  ;
; EDA_TEST_BENCH_RUN_SIM_FOR           ; 1400 ns                               ; --            ; --          ; multipliertb        ;
; EDA_TEST_BENCH_RUN_SIM_FOR           ; 1000 ns                               ; --            ; --          ; divisiontb          ;
; EDA_TEST_BENCH_RUN_SIM_FOR           ; 1000 ns                               ; --            ; --          ; addertb             ;
; EDA_TEST_BENCH_RUN_SIM_FOR           ; 1000 ns                               ; --            ; --          ; datapath_tb         ;
; EDA_TEST_BENCH_RUN_SIM_FOR           ; 200 ns                                ; --            ; --          ; MDRtb               ;
; EDA_TEST_BENCH_RUN_SIM_FOR           ; 1200 ns                               ; --            ; --          ; ALUtb               ;
; EDA_TEST_BENCH_RUN_SIM_FOR           ; 1000 ns                               ; --            ; --          ; datapath_tb2        ;
; EDA_TEST_BENCH_RUN_SIM_FOR           ; 1000 ns                               ; --            ; --          ; datapath_tb3        ;
; EDA_TEST_BENCH_RUN_SIM_FOR           ; 1000 ns                               ; --            ; --          ; datapath_tb4        ;
; EDA_TEST_BENCH_RUN_SIM_FOR           ; 1000 ns                               ; --            ; --          ; datapath_tb5        ;
; EDA_TEST_BENCH_RUN_SIM_FOR           ; 1000 ns                               ; --            ; --          ; datapath_tb6        ;
; EDA_TEST_BENCH_RUN_SIM_FOR           ; 1000 ns                               ; --            ; --          ; datapath_tb7        ;
; EDA_TEST_BENCH_RUN_SIM_FOR           ; 1000 ns                               ; --            ; --          ; datapath_tb8        ;
; EDA_TEST_BENCH_RUN_SIM_FOR           ; 1000 ns                               ; --            ; --          ; datapath_tb9        ;
; EDA_TEST_BENCH_RUN_SIM_FOR           ; 1000 ns                               ; --            ; --          ; datapath_tb10       ;
; EDA_TEST_BENCH_RUN_SIM_FOR           ; 1000 ns                               ; --            ; --          ; datapath_tb11       ;
; EDA_TEST_BENCH_RUN_SIM_FOR           ; 1000 ns                               ; --            ; --          ; datapath_tb12       ;
; EDA_TEST_BENCH_RUN_SIM_FOR           ; 1000 ns                               ; --            ; --          ; datapath_tb13       ;
; EDA_TEST_BENCH_RUN_SIM_FOR           ; 1000 ns                               ; --            ; --          ; loadInstructionstb  ;
; EDA_TEST_BENCH_RUN_SIM_FOR           ; 200 ns                                ; --            ; --          ; ramtb               ;
; EDA_TEST_BENCH_RUN_SIM_FOR           ; 300 ns                                ; --            ; --          ; select_encodetb     ;
; EDA_TEST_BENCH_RUN_SIM_FOR           ; 1000 ns                               ; --            ; --          ; loadInstruction2tb  ;
; EDA_TEST_BENCH_RUN_SIM_FOR           ; 1000 ns                               ; --            ; --          ; storeInstructionstb ;
; EDA_TEST_BENCH_RUN_SIM_FOR           ; 600 ns                                ; --            ; --          ; immediateAddtb      ;
; EDA_TEST_BENCH_RUN_SIM_FOR           ; 600 ns                                ; --            ; --          ; immediateAndtb      ;
; EDA_TEST_BENCH_RUN_SIM_FOR           ; 600 ns                                ; --            ; --          ; immediateOrtb       ;
; EDA_TEST_BENCH_RUN_SIM_FOR           ; 600 ns                                ; --            ; --          ; branchzrtb          ;
; EDA_TEST_BENCH_RUN_SIM_FOR           ; 600 ns                                ; --            ; --          ; branchnztb          ;
; EDA_TEST_BENCH_RUN_SIM_FOR           ; 600 ns                                ; --            ; --          ; branchpltb          ;
; EDA_TEST_BENCH_RUN_SIM_FOR           ; 600 ns                                ; --            ; --          ; branchmitb          ;
; EDA_TEST_BENCH_RUN_SIM_FOR           ; 500 ns                                ; --            ; --          ; jrtb                ;
; EDA_TEST_BENCH_RUN_SIM_FOR           ; 600 ns                                ; --            ; --          ; jaltb               ;
; EDA_TEST_BENCH_RUN_SIM_FOR           ; 500 ns                                ; --            ; --          ; mfhitb              ;
; EDA_TEST_BENCH_RUN_SIM_FOR           ; 500 ns                                ; --            ; --          ; mflotb              ;
; EDA_TEST_BENCH_RUN_SIM_FOR           ; 500 ns                                ; --            ; --          ; outporttb           ;
; EDA_TEST_BENCH_RUN_SIM_FOR           ; 500 ns                                ; --            ; --          ; inporttb            ;
; EDA_TEST_BENCH_RUN_SIM_FOR           ; 2000 ns                               ; --            ; --          ; control_unittb      ;
; EDA_TIME_SCALE                       ; 1 ps                                  ; --            ; --          ; eda_simulation      ;
; MAX_CORE_JUNCTION_TEMP               ; 85                                    ; --            ; --          ; --                  ;
; MIN_CORE_JUNCTION_TEMP               ; 0                                     ; --            ; --          ; --                  ;
; NOMINAL_CORE_SUPPLY_VOLTAGE          ; 1.2V                                  ; --            ; --          ; --                  ;
; PARTITION_COLOR                      ; 16764057                              ; --            ; datapath    ; Top                 ;
; PARTITION_FITTER_PRESERVATION_LEVEL  ; PLACEMENT_AND_ROUTING                 ; --            ; datapath    ; Top                 ;
; PARTITION_NETLIST_TYPE               ; SOURCE                                ; --            ; datapath    ; Top                 ;
; POWER_BOARD_THERMAL_MODEL            ; None (CONSERVATIVE)                   ; --            ; --          ; --                  ;
; POWER_PRESET_COOLING_SOLUTION        ; 23 MM HEAT SINK WITH 200 LFPM AIRFLOW ; --            ; --          ; --                  ;
; PROJECT_OUTPUT_DIRECTORY             ; output_files                          ; --            ; --          ; --                  ;
; TOP_LEVEL_ENTITY                     ; datapath                              ; system        ; --          ; --                  ;
+--------------------------------------+---------------------------------------+---------------+-------------+---------------------+


+--------------------------------------------------------------------------------------------------------------------------+
; Flow Elapsed Time                                                                                                        ;
+----------------------+--------------+-------------------------+---------------------+------------------------------------+
; Module Name          ; Elapsed Time ; Average Processors Used ; Peak Virtual Memory ; Total CPU Time (on all processors) ;
+----------------------+--------------+-------------------------+---------------------+------------------------------------+
; Analysis & Synthesis ; 00:00:06     ; 1.0                     ; 4617 MB             ; 00:00:06                           ;
; Total                ; 00:00:06     ; --                      ; --                  ; 00:00:06                           ;
+----------------------+--------------+-------------------------+---------------------+------------------------------------+


+-----------------------------------------------------------------------------------+
; Flow OS Summary                                                                   ;
+----------------------+------------------+-----------+------------+----------------+
; Module Name          ; Machine Hostname ; OS Name   ; OS Version ; Processor type ;
+----------------------+------------------+-----------+------------+----------------+
; Analysis & Synthesis ; DESKTOP-2KSAKAI  ; Windows 7 ; 6.2        ; x86_64         ;
+----------------------+------------------+-----------+------------+----------------+


------------
; Flow Log ;
------------
quartus_map --read_settings_files=on --write_settings_files=off system -c system



